/Volumes/POO/Virtual Machines.localized/MS XP.vmwarevm/MS XP.vmx
/Volumes/POO/Virtual Machines.localized/VMs/ATTM CentOS 64-bit.vmwarevm/ATTM CentOS 64-bit.vmx
/Volumes/POO/Virtual Machines.localized/Windows Vista.vmwarevm/Windows Vista.vmx
/Volumes/XRAID5/VIRTUAL_DISKS/maas-node01.vmwarevm/maas-node01.vmx
/Volumes/XRAID5/VIRTUAL_DISKS/maas-node03.vmwarevm/maas-node03.vmx
/Volumes/POO/Virtual Machines.localized/VMs/nagiosxi-64/nagiosxi-64.vmx
/Volumes/XRAID5/VIRTUAL_DISKS/maas-node04.vmwarevm/maas-node03.vmx
/Volumes/XRAID5/VIRTUAL_DISKS/maas-node05.vmwarevm/maas-node03.vmx
/Volumes/XRAID5/VIRTUAL_DISKS/maas-node06.vmwarevm/maas-node03.vmx
/Volumes/XRAID5/VIRTUAL_DISKS/maas-node07.vmwarevm/maas-node03.vmx
/Volumes/XRAID5/VIRTUAL_DISKS/maas-node08.vmwarevm/maas-node03.vmx
/Volumes/XRAID5/VIRTUAL_DISKS/maas-node10.vmwarevm/maas-node03.vmx
/Volumes/XRAID5/VIRTUAL_DISKS/maas-node11.vmwarevm/maas-node03.vmx
/Volumes/XRAID5/VIRTUAL_DISKS/maas-node12.vmwarevm/maas-node03.vmx
/Volumes/XRAID5/VIRTUAL_DISKS/maas-node13.vmwarevm/maas-node03.vmx
/Volumes/XRAID5/VIRTUAL_DISKS/maas-node14.vmwarevm/maas-node03.vmx
/Volumes/XRAID5/VIRTUAL_DISKS/maas-node15.vmwarevm/maas-node03.vmx
/Volumes/XRAID5/VIRTUAL_DISKS/maas-node16.vmwarevm/maas-node03.vmx
/Volumes/XRAID5/VIRTUAL_DISKS/maas-node17.vmwarevm/maas-node03.vmx
/Volumes/XRAID5/VIRTUAL_DISKS/maas-node18.vmwarevm/maas-node03.vmx
/Volumes/XRAID5/VIRTUAL_DISKS/maas-node19.vmwarevm/maas-node03.vmx
/Volumes/XRAID5/VIRTUAL_DISKS/maas-node20.vmwarevm/maas-node03.vmx
/Volumes/XRAID5/VIRTUAL_DISKS/maas-node21.vmwarevm/maas-node03.vmx
/Volumes/XRAID5/VIRTUAL_DISKS/maas-node22.vmwarevm/maas-node03.vmx
/Volumes/XRAID5/VIRTUAL_DISKS/maas-node23.vmwarevm/maas-node03.vmx
/Volumes/XRAID5/VIRTUAL_DISKS/maas-node24.vmwarevm/maas-node03.vmx
/Volumes/XRAID5/VIRTUAL_DISKS/maas-node25.vmwarevm/maas-node03.vmx
/Volumes/XRAID5/VIRTUAL_DISKS/maas-node26.vmwarevm/maas-node03.vmx
/Volumes/XRAID5/VIRTUAL_DISKS/maas-node27.vmwarevm/maas-node03.vmx
/Volumes/XRAID5/VIRTUAL_DISKS/maas-node28.vmwarevm/maas-node03.vmx
/Volumes/XRAID5/VIRTUAL_DISKS/Ubuntu-MAAS02.vmwarevm/Ubuntu-MAAS02.vmx
/Volumes/POO/Virtual Machines.localized/Windows 2000 Server.vmwarevm/Windows 2000 Server.vmx
/Volumes/POO/Virtual Machines.localized/Windows 7.vmwarevm/Windows 7.vmx
/Volumes/XRAID5/VIRTUAL_DISKS/Ubuntu-MAAS01.vmwarevm/Ubuntu-MAAS01.vmx
/Volumes/POO/Virtual Machines.localized/GACDTL02KS230M.ITServices.sbc.com/GACDTL02KS230M.ITServices.sbc.com.vmx
/Volumes/POO/Virtual Machines.localized/VMs/Ubuntu.vmwarevm/Ubuntu.vmx
