F:\Virtual Machines\NDCMIND2\NDCMIND2.vmx
F:\Virtual Machines\NDCMIND3\NDCMIND3.vmx
F:\Virtual Machines\NDCMIND3-OVM\NDCMIND3-OVM.vmx
F:\Virtual Machines\AcronisESXAppliance\AcronisESXAppliance.vmx
H:\Virtual Machines\NDC2MIND\NDC2MIND-1.vmx
J:\Virtual Machines\NDC2MIND-2\NDC2MIND-2.vmx
F:\Virtual Machines\maas-controller\maas-controller.vmx
F:\Virtual Machines\maas-node0\maas-node0.vmx
F:\Virtual Machines\maas-node1\maas-node1.vmx
F:\Virtual Machines\maas-node2\maas-node2.vmx
F:\Virtual Machines\maas-node3\maas-node3.vmx
F:\Virtual Machines\maas-node4\maas-node4.vmx
F:\Virtual Machines\maas-node5\maas-node5.vmx
F:\Virtual Machines\TEST-BUILD\TEST-BUILD.vmx
F:\Virtual Machines\maas-test-node\maas-test-node.vmx
